<?xml version="1.0" encoding="UTF-8"?>
<TestRun id="dad9fe5d-9109-4056-83df-02a198a3b24e" name="admin@COMPUTER 2013-06-28 20:45:53" runUser="Computer\admin" xmlns="http://microsoft.com/schemas/VisualStudio/TeamTest/2010">
  <TestSettings name="Local" id="35bd0923-cd28-4607-8a33-af8e285ae1b9">
    <Description>These are default test settings for a local test run.</Description>
    <Deployment enabled="false" runDeploymentRoot="admin_COMPUTER 2013-06-28 20_45_53">
      <DeploymentItem filename="c:\users\admin\documents\visual studio 2010\Projects\LiveToken\LiveTokenLibrary\bin\Debug\LiveTokenLibrary.dll" />
    </Deployment>
    <Execution>
      <TestTypeSpecific />
      <AgentRule name="Execution Agents">
      </AgentRule>
    </Execution>
  </TestSettings>
  <Times creation="2013-06-28T20:45:53.8015829-04:00" queuing="2013-06-28T20:45:56.6857479-04:00" start="2013-06-28T20:45:57.0357679-04:00" finish="2013-06-28T20:45:57.9008174-04:00" />
  <ResultSummary outcome="Completed">
    <Counters total="1" executed="1" passed="1" error="0" failed="0" timeout="0" aborted="0" inconclusive="0" passedButRunAborted="0" notRunnable="0" notExecuted="0" disconnected="0" warning="0" completed="0" inProgress="0" pending="0" />
  </ResultSummary>
  <TestDefinitions>
    <UnitTest name="TestMethod1" storage="c:\users\admin\documents\visual studio 2010\projects\livetoken\testproject\bin\debug\testproject.dll" id="e16fc227-9576-540c-ce30-3015321691c7">
      <Execution id="9d41de93-743f-49c2-b61b-1b03741574a2" />
      <TestMethod codeBase="c:/users/admin/documents/visual studio 2010/Projects/LiveToken/TestProject/bin/Debug/TestProject.DLL" adapterTypeName="Microsoft.VisualStudio.TestTools.TestTypes.Unit.UnitTestAdapter, Microsoft.VisualStudio.QualityTools.Tips.UnitTest.Adapter, Version=10.0.0.0, Culture=neutral, PublicKeyToken=b03f5f7f11d50a3a" className="TestProject.UnitTestTokenGenerator, TestProject, Version=1.0.0.0, Culture=neutral, PublicKeyToken=null" name="TestMethod1" />
    </UnitTest>
  </TestDefinitions>
  <TestLists>
    <TestList name="Results Not in a List" id="8c84fa94-04c1-424b-9868-57a2d4851a1d" />
    <TestList name="All Loaded Results" id="19431567-8539-422a-85d7-44ee4e166bda" />
  </TestLists>
  <TestEntries>
    <TestEntry testId="e16fc227-9576-540c-ce30-3015321691c7" executionId="9d41de93-743f-49c2-b61b-1b03741574a2" testListId="8c84fa94-04c1-424b-9868-57a2d4851a1d" />
  </TestEntries>
  <Results>
    <UnitTestResult executionId="9d41de93-743f-49c2-b61b-1b03741574a2" testId="e16fc227-9576-540c-ce30-3015321691c7" testName="TestMethod1" computerName="COMPUTER" duration="00:00:00.0776021" startTime="2013-06-28T20:45:57.2087778-04:00" endTime="2013-06-28T20:45:57.7498088-04:00" testType="13cdc9d9-ddb5-4fa4-a97d-d965ccfc6d4b" outcome="Passed" testListId="8c84fa94-04c1-424b-9868-57a2d4851a1d" relativeResultsDirectory="9d41de93-743f-49c2-b61b-1b03741574a2">
    </UnitTestResult>
  </Results>
</TestRun>